# serializer version: 1
# name: test_lemmatisation
  tuple(
    tuple(
      'mir',
      'PRF',
      'mir',
      'ich',
    ),
    tuple(
      'Vital',
      'FM',
      'Vital',
      'vital',
    ),
    tuple(
      'Behandlungsräumen',
      'NN',
      'Behandlungsräumen',
      'Behandlungsraum',
    ),
    tuple(
      'Trainingsplänen',
      'NN',
      'Trainingsplä',
      'Trainingsplan',
    ),
    tuple(
      'mich',
      'PPER',
      'mich',
      'ich',
    ),
    tuple(
      'nächste',
      'ADJA',
      'nächsten',
      'nahe',
    ),
    tuple(
      'uns',
      'PPER',
      'uns',
      'wir',
    ),
    tuple(
      'uns',
      'PPER',
      'uns',
      'wir',
    ),
  )
# ---
