# serializer version: 1
# name: test_lemmatisation
  tuple(
    tuple(
      'Sehr',
      'ADV',
      'Sehr',
      'sehr',
    ),
    tuple(
      'der',
      'ART',
      'der',
      'die',
    ),
    tuple(
      'Kundenservice',
      'NN',
      'Service',
      'Kundenservice',
    ),
    tuple(
      'Die',
      'ART',
      'der',
      'die',
    ),
    tuple(
      'im',
      'APPR_ART',
      'in der',
      'in',
    ),
    tuple(
      'Nette',
      'ADJA',
      'Nette',
      'nett',
    ),
    tuple(
      'zur',
      'APPR_ART',
      'zu der',
      'zu',
    ),
    tuple(
      'der',
      'ART',
      'der',
      'die',
    ),
    tuple(
      'im',
      'APPR_ART',
      'in der',
      'in',
    ),
    tuple(
      'Vital',
      'NN',
      'Vital',
      'vital',
    ),
    tuple(
      'Positives',
      'NN',
      'Positiv',
      'positiv',
    ),
    tuple(
      'Ob',
      'KOUS',
      'Ob',
      'ob',
    ),
    tuple(
      'der',
      'ART',
      'der',
      'die',
    ),
    tuple(
      'den',
      'ART',
      'der',
      'die',
    ),
    tuple(
      'Behandlungsräumen',
      'NN',
      'Behandlungsräumen',
      'Behandlungsraum',
    ),
    tuple(
      'den',
      'ART',
      'der',
      'die',
    ),
    tuple(
      'zugeschnittenen',
      'ADJA',
      'zuschneiden',
      'zugeschnitten',
    ),
    tuple(
      'äußerst',
      'ADV',
      'äußerst',
      'äußern',
    ),
    tuple(
      'das',
      'PDS',
      'der',
      'die',
    ),
    tuple(
      'zum',
      'APPR_ART',
      'zu der',
      'zu',
    ),
    tuple(
      'der',
      'PRELS',
      'der',
      'die',
    ),
    tuple(
      'anstrengend',
      'ADJD',
      'anstrengen',
      'anstrengend',
    ),
    tuple(
      'dieser',
      'PDAT',
      'dieser',
      'diese',
    ),
    tuple(
      'jede',
      'PIDAT',
      'jeder',
      'jede',
    ),
    tuple(
      'Das',
      'ART',
      'der',
      'die',
    ),
    tuple(
      'nächste',
      'ADJA',
      'NULL',
      'nah',
    ),
    tuple(
      'einen',
      'ART',
      'ein',
      'eine',
    ),
    tuple(
      'der',
      'ART',
      'der',
      'die',
    ),
    tuple(
      'Eine',
      'ART',
      'ein',
      'eine',
    ),
    tuple(
      'einen',
      'ART',
      'ein',
      'eine',
    ),
    tuple(
      'der',
      'PRELS',
      'der',
      'die',
    ),
    tuple(
      'Die',
      'ART',
      'der',
      'die',
    ),
    tuple(
      'mehr',
      'ADV',
      'mehr',
      'sehr',
    ),
  )
# ---
