# serializer version: 1
# name: test_lemmatisation
  tuple(
    tuple(
      'Sehr',
      'ADV',
      'Sehr',
      'sehr',
    ),
    tuple(
      'gute',
      'ADJA',
      'gut',
      'gut',
    ),
    tuple(
      'Beratung',
      'NN',
      'Beratung',
      'Beratung',
    ),
    tuple(
      ',',
      '$,',
      ',',
      ',',
    ),
    tuple(
      'schnelle',
      'ADJA',
      'schnell',
      'schnell',
    ),
    tuple(
      'Behebung',
      'NN',
      'Behebung',
      None,
    ),
    tuple(
      'der',
      'ART',
      'der',
      'die',
    ),
    tuple(
      'Probleme',
      'NN',
      'Problem',
      'Problem',
    ),
    tuple(
      ',',
      '$,',
      ',',
      ',',
    ),
    tuple(
      'so',
      'ADV',
      'so',
      'so',
    ),
    tuple(
      'stelle',
      'VVFIN',
      'stellen',
      'stellen',
    ),
    tuple(
      'ich',
      'PPER',
      'ich',
      'ich',
    ),
    tuple(
      'mir',
      'PRF',
      'ich',
      'ich',
    ),
    tuple(
      'Kundenservice',
      'NN',
      'Service',
      None,
    ),
    tuple(
      'vor',
      'PTKVZ',
      'vor',
      'vor',
    ),
    tuple(
      '.',
      '$.',
      '.',
      '.',
    ),
    tuple(
      'Die',
      'ART',
      'der',
      'die',
    ),
    tuple(
      'Kosten',
      'NN',
      'Kosten',
      'Kosten',
    ),
    tuple(
      'sind',
      'VAFIN',
      'sein',
      'sein',
    ),
    tuple(
      'definitiv',
      'ADJD',
      'definitiv',
      'definitiv',
    ),
    tuple(
      'auch',
      'ADV',
      'auch',
      'auch',
    ),
    tuple(
      'im',
      'APPR_ART',
      'in der',
      'in',
    ),
    tuple(
      'Rahmen',
      'NN',
      'Rahmen',
      'Rahmen',
    ),
    tuple(
      '.',
      '$.',
      '.',
      '.',
    ),
    tuple(
      'Nette',
      'ADJA',
      'Nette',
      'nett',
    ),
    tuple(
      'Gespräche',
      'NN',
      'Gespräch',
      None,
    ),
    tuple(
      ',',
      '$,',
      ',',
      ',',
    ),
    tuple(
      'klasse',
      'ADJA',
      'klasse',
      'klasse',
    ),
    tuple(
      'Ergebnis',
      'NN',
      'Ergebnis',
      'Ergebnis',
    ),
    tuple(
      'Ich',
      'PPER',
      'ich',
      'ich',
    ),
    tuple(
      'bin',
      'VAFIN',
      'sein',
      'sein',
    ),
    tuple(
      'seit',
      'APPR',
      'seit',
      'seit',
    ),
    tuple(
      'längerer',
      'ADJA',
      'lang',
      'lang',
    ),
    tuple(
      'Zeit',
      'NN',
      'Zeit',
      'Zeit',
    ),
    tuple(
      'zur',
      'APPR_ART',
      'zu der',
      'zu',
    ),
    tuple(
      'Behandlung',
      'NN',
      'Behandlung',
      'Behandlung',
    ),
    tuple(
      'verschiedenster',
      'ADJA',
      'verschieden',
      None,
    ),
    tuple(
      '"',
      '$(',
      '"',
      '"',
    ),
    tuple(
      'Leiden',
      'NN',
      'Leiden',
      'Leiden',
    ),
    tuple(
      '"',
      '$(',
      '"',
      '"',
    ),
    tuple(
      'in',
      'APPR',
      'in',
      'in',
    ),
    tuple(
      'der',
      'ART',
      'der',
      'die',
    ),
    tuple(
      'Physiotherapieraxis',
      'NN',
      'Physiotherapieraxis',
      None,
    ),
    tuple(
      '"',
      '$(',
      '"',
      '"',
    ),
    tuple(
      'Gaby',
      'NE',
      'Gaby',
      None,
    ),
    tuple(
      'Montag',
      'NE',
      'Montag',
      'Montag',
    ),
    tuple(
      '"',
      '$(',
      '"',
      '"',
    ),
    tuple(
      'im',
      'APPR_ART',
      'in der',
      'in',
    ),
    tuple(
      'Vital',
      'NN',
      'Vital',
      None,
    ),
    tuple(
      'Center',
      'NN',
      'Center',
      None,
    ),
    tuple(
      'und',
      'KON',
      'und',
      'und',
    ),
    tuple(
      'kann',
      'VMFIN',
      'können',
      'können',
    ),
    tuple(
      'ausschließlich',
      'ADV',
      'ausschließlich',
      'ausschließlich',
    ),
    tuple(
      'Positives',
      'NN',
      'Positiv',
      'positiv',
    ),
    tuple(
      'berichten',
      'VVINF',
      'berichten',
      'berichten',
    ),
    tuple(
      '!',
      '$.',
      '!',
      '!',
    ),
    tuple(
      'Ob',
      'KOUS',
      'Ob',
      'ob',
    ),
    tuple(
      'bei',
      'APPR',
      'bei',
      'bei',
    ),
    tuple(
      'der',
      'ART',
      'der',
      'die',
    ),
    tuple(
      'Terminvergabe',
      'NN',
      'Terminvergabe',
      None,
    ),
    tuple(
      ',',
      '$,',
      ',',
      ',',
    ),
    tuple(
      'den',
      'ART',
      'der',
      'die',
    ),
    tuple(
      'Behandlungsräumen',
      'NN',
      'Behandlungsräumen',
      None,
    ),
    tuple(
      'oder',
      'KON',
      'oder',
      'oder',
    ),
    tuple(
      'den',
      'ART',
      'der',
      'die',
    ),
    tuple(
      'individuell',
      'ADJD',
      'individuell',
      'individuell',
    ),
    tuple(
      'zugeschnittenen',
      'ADJA',
      'zuschneiden',
      'zugeschnitten',
    ),
    tuple(
      'Trainingsplänen',
      'NN',
      'Trainingsplan',
      None,
    ),
    tuple(
      'sind',
      'VAFIN',
      'sein',
      'sein',
    ),
    tuple(
      'alle',
      'PIDAT',
      'alle',
      'alle',
    ),
    tuple(
      'Mitarbeiter',
      'NN',
      'Mitarbeiter',
      'Mitarbeiter',
    ),
    tuple(
      'äußerst',
      'ADV',
      'äußerst',
      'äußern',
    ),
    tuple(
      'kompetent',
      'ADJD',
      'kompetent',
      'kompetent',
    ),
    tuple(
      'und',
      'KON',
      'und',
      'und',
    ),
    tuple(
      'flexibel',
      'ADJD',
      'flexibel',
      'flexibel',
    ),
    tuple(
      '.',
      '$.',
      '.',
      '.',
    ),
    tuple(
      'Sauberkeit',
      'NN',
      'Sauberkeit',
      None,
    ),
    tuple(
      ',',
      '$,',
      ',',
      ',',
    ),
    tuple(
      'Ordnung',
      'NN',
      'Ordnung',
      'Ordnung',
    ),
    tuple(
      'und',
      'KON',
      'und',
      'und',
    ),
    tuple(
      'Freundlichkeit',
      'NN',
      'Freundlichkeit',
      None,
    ),
    tuple(
      'brauche',
      'VVFIN',
      'brauchen',
      'brauchen',
    ),
    tuple(
      'ich',
      'PPER',
      'ich',
      'ich',
    ),
    tuple(
      'hier',
      'ADV',
      'hier',
      'hier',
    ),
    tuple(
      'nicht',
      'PTKNEG',
      'nicht',
      'nicht',
    ),
    tuple(
      'zu',
      'PTKZU',
      'zu',
      None,
    ),
    tuple(
      'erwähnen',
      'VVINF',
      'erwähnen',
      None,
    ),
    tuple(
      ',',
      '$,',
      ',',
      ',',
    ),
    tuple(
      'denn',
      'KON',
      'denn',
      'denn',
    ),
    tuple(
      'das',
      'PDS',
      'der',
      'die',
    ),
    tuple(
      'gehört',
      'VVFIN',
      'gehören',
      'gehören',
    ),
    tuple(
      'für',
      'APPR',
      'für',
      'für',
    ),
    tuple(
      'mich',
      'PPER',
      'ich',
      'ich',
    ),
    tuple(
      'zum',
      'APPR_ART',
      'zu der',
      'zu',
    ),
    tuple(
      'Standard',
      'NN',
      'Standard',
      None,
    ),
    tuple(
      ',',
      '$,',
      ',',
      ',',
    ),
    tuple(
      'der',
      'PRELS',
      'der',
      'die',
    ),
    tuple(
      'aber',
      'ADV',
      'aber',
      'aber',
    ),
    tuple(
      'auch',
      'ADV',
      'auch',
      'auch',
    ),
    tuple(
      'noch',
      'ADV',
      'noch',
      'noch',
    ),
    tuple(
      'übertroffen',
      'VVPP',
      'übertreffen',
      None,
    ),
    tuple(
      'wird',
      'VAFIN',
      'werden',
      'werden',
    ),
    tuple(
      '.',
      '$.',
      '.',
      '.',
    ),
    tuple(
      'Physiotherapie',
      'NE',
      'Physiotherapie',
      None,
    ),
    tuple(
      'ist',
      'VAFIN',
      'sein',
      'sein',
    ),
    tuple(
      'zwar',
      'ADV',
      'zwar',
      'zwar',
    ),
    tuple(
      'oftmals',
      'ADV',
      'oftmals',
      'oftmals',
    ),
    tuple(
      'auch',
      'ADV',
      'auch',
      'auch',
    ),
    tuple(
      'anstrengend',
      'ADJD',
      'anstrengen',
      'anstrengend',
    ),
    tuple(
      ',',
      '$,',
      ',',
      ',',
    ),
    tuple(
      'aber',
      'KON',
      'aber',
      'aber',
    ),
    tuple(
      'in',
      'APPR',
      'in',
      'in',
    ),
    tuple(
      'dieser',
      'PDAT',
      'dieser',
      'diese',
    ),
    tuple(
      'Umgebeung',
      'NN',
      'Umgebeung',
      None,
    ),
    tuple(
      'freut',
      'VVFIN',
      'freuen',
      'freuen',
    ),
    tuple(
      'man',
      'PIS',
      'man',
      'man',
    ),
    tuple(
      'sich',
      'PRF',
      'sich',
      'sich',
    ),
    tuple(
      'auf',
      'APPR',
      'auf',
      'auf',
    ),
    tuple(
      'jede',
      'PIDAT',
      'jeder',
      'jede',
    ),
    tuple(
      'Minute',
      'NN',
      'Minute',
      'Minute',
    ),
    tuple(
      'Behandlung',
      'NN',
      'Behandlung',
      'Behandlung',
    ),
    tuple(
      '.',
      '$.',
      '.',
      '.',
    ),
    tuple(
      'Das',
      'ART',
      'der',
      'die',
    ),
    tuple(
      'nächste',
      'ADJA',
      'NULL',
      'nahe',
    ),
    tuple(
      'mal',
      'ADV',
      'mal',
      'mal',
    ),
    tuple(
      'rief',
      'VVFIN',
      'rufen',
      'rufen',
    ),
    tuple(
      'ich',
      'PPER',
      'ich',
      'ich',
    ),
    tuple(
      'extra',
      'ADV',
      'extra',
      'extra',
    ),
    tuple(
      'vorher',
      'ADV',
      'vorher',
      'vorher',
    ),
    tuple(
      'an',
      'PTKVZ',
      'an',
      None,
    ),
    tuple(
      ',',
      '$,',
      ',',
      ',',
    ),
    tuple(
      'um',
      'KOUI',
      'um',
      'um',
    ),
    tuple(
      'einen',
      'ART',
      'ein',
      'eine',
    ),
    tuple(
      'Termin',
      'NN',
      'Termin',
      'Termin',
    ),
    tuple(
      'zu',
      'PTKZU',
      'zu',
      None,
    ),
    tuple(
      'vereinbaren',
      'VVINF',
      'vereinbaren',
      None,
    ),
    tuple(
      ',',
      '$,',
      ',',
      ',',
    ),
    tuple(
      'damit',
      'KOUS',
      'damit',
      'damit',
    ),
    tuple(
      'der',
      'ART',
      'der',
      'die',
    ),
    tuple(
      'Konditor',
      'NN',
      'Konditor',
      None,
    ),
    tuple(
      'auch',
      'ADV',
      'auch',
      'auch',
    ),
    tuple(
      'Zeit',
      'NN',
      'Zeit',
      'Zeit',
    ),
    tuple(
      'für',
      'APPR',
      'für',
      'für',
    ),
    tuple(
      'uns',
      'PPER',
      'wir',
      'uns',
    ),
    tuple(
      'hätte',
      'VAFIN',
      'haben',
      'haben',
    ),
    tuple(
      '.',
      '$.',
      '.',
      '.',
    ),
    tuple(
      'Eine',
      'ART',
      'ein',
      'eine',
    ),
    tuple(
      'Stunde',
      'NN',
      'Stunde',
      'Stunde',
    ),
    tuple(
      'später',
      'ADJD',
      'spät',
      'spät',
    ),
    tuple(
      'gab',
      'VVFIN',
      'geben',
      'geben',
    ),
    tuple(
      'man',
      'PIS',
      'man',
      'man',
    ),
    tuple(
      'uns',
      'PPER',
      'wir',
      'uns',
    ),
    tuple(
      'dann',
      'ADV',
      'dann',
      'dann',
    ),
    tuple(
      'endlich',
      'ADJD',
      'endlich',
      'endlich',
    ),
    tuple(
      'einen',
      'ART',
      'ein',
      'eine',
    ),
    tuple(
      'Tisch',
      'NN',
      'Tisch',
      'Tisch',
    ),
    tuple(
      ',',
      '$,',
      ',',
      ',',
    ),
    tuple(
      'der',
      'PRELS',
      'der',
      'die',
    ),
    tuple(
      'allerdings',
      'ADV',
      'allerdings',
      'allerdings',
    ),
    tuple(
      'noch',
      'ADV',
      'noch',
      'noch',
    ),
    tuple(
      'nicht',
      'PTKNEG',
      'nicht',
      'nicht',
    ),
    tuple(
      'einmal',
      'ADV',
      'einmal',
      'einmal',
    ),
    tuple(
      'abgeräumt',
      'VVPP',
      'abräumen',
      'abräumen',
    ),
    tuple(
      'war',
      'VAFIN',
      'sein',
      'sein',
    ),
    tuple(
      '.',
      '$.',
      '.',
      '.',
    ),
    tuple(
      'Die',
      'ART',
      'der',
      'die',
    ),
    tuple(
      'Bedienung',
      'NN',
      'Bedienung',
      None,
    ),
    tuple(
      'verschwand',
      'VVFIN',
      'verschwinden',
      'verschwinden',
    ),
    tuple(
      'sofort',
      'ADV',
      'sofort',
      'sofort',
    ),
    tuple(
      'wieder',
      'ADV',
      'wieder',
      'wieder',
    ),
    tuple(
      'und',
      'KON',
      'und',
      'und',
    ),
    tuple(
      'kam',
      'VVFIN',
      'kommen',
      'kommen',
    ),
    tuple(
      'auch',
      'ADV',
      'auch',
      'auch',
    ),
    tuple(
      'erstmal',
      'ADV',
      'erstmal',
      'erstmal',
    ),
    tuple(
      'nicht',
      'PTKNEG',
      'nicht',
      'nicht',
    ),
    tuple(
      'mehr',
      'ADV',
      'mehr',
      'sehr',
    ),
    tuple(
      '.',
      '$.',
      '.',
      '.',
    ),
  )
# ---
